 gcc -g p8final.c -lm
îº§ gdb a.out
GNU gdb (Ubuntu 8.1.1-0ubuntu1) 8.1.1
Copyright (C) 2018 Free Software Foundation, Inc.
License GPLv3+: GNU GPL version 3 or later <http://gnu.org/licenses/gpl.html>
This is free software: you are free to change and redistribute it.
There is NO WARRANTY, to the extent permitted by law.  Type "show copying"
and "show warranty" for details.
This GDB was configured as "x86_64-linux-gnu".
Type "show configuration" for configuration details.
For bug reporting instructions, please see:
<http://www.gnu.org/software/gdb/bugs/>.
Find the GDB manual and other documentation resources online at:
<http://www.gnu.org/software/gdb/documentation/>.
For help, type "help".
Type "apropos word" to search for commands related to "word"...
Reading symbols from a.out...done.
(gdb) b main
Breakpoint 1 at 0xa85: file p8final.c, line 54.
(gdb) r
Starting program: /home/runner/Test2Session2/a.out 
warning: Error disabling address space randomization: Operation not permitted

Breakpoint 1, main () at p8final.c:54
54  {
(gdb) n
56    x=input_n();
(gdb) s
input_n () at p8final.c:19
19  {
(gdb) n
21    printf("Enter the number of sides:\n");
(gdb) n
Enter the number of sides:
22    scanf("%d",&n);
(gdb) n
4
23    return n;
(gdb) n
24  }
(gdb) n
main () at p8final.c:57
57    input_polygon( x,&p);
(gdb) s
input_polygon (n=4, p=0x7ffc2cea32f0) at p8final.c:40
40    p->n=n;
(gdb) n
41    input_n_lines(p->n,p->l);
(gdb) s
input_n_lines (n=4, l=0x7ffc2cea32f4) at p8final.c:34
34  {
(gdb) n
35    for(int i=0;i<n;i++)
(gdb) n
36      l[i]=input_line();
(gdb) s
input_line () at p8final.c:26
26  {
(gdb) n
28    printf("Enter the point:\n");
(gdb) n
Enter the point:
29    scanf("%f %f %f %f",&t.p1.x,&t.p1.y,&t.p2.x,&t.p2.y);
(gdb) n
0
0
0
3
30    t.distance=sqrt((t.p2.x - t.p1.x)*(t.p2.x - t.p1.x)+(t.p2.y - t.p1.y)*(t.p2.y - t.p1.y));
(gdb) n
31    return t;
(gdb) n
32  }
(gdb) n
input_n_lines (n=4, l=0x7ffc2cea32f4) at p8final.c:35
35    for(int i=0;i<n;i++)
(gdb) n
36      l[i]=input_line();
(gdb) s
input_line () at p8final.c:26
26  {
(gdb) n
28    printf("Enter the point:\n");
(gdb) n
Enter the point:
29    scanf("%f %f %f %f",&t.p1.x,&t.p1.y,&t.p2.x,&t.p2.y);
(gdb) n
0
3
3
3
30    t.distance=sqrt((t.p2.x - t.p1.x)*(t.p2.x - t.p1.x)+(t.p2.y - t.p1.y)*(t.p2.y - t.p1.y));
(gdb) n
31    return t;
(gdb) n
32  }
(gdb) n
input_n_lines (n=4, l=0x7ffc2cea32f4) at p8final.c:35
35    for(int i=0;i<n;i++)
(gdb) n
36      l[i]=input_line();
(gdb) s
input_line () at p8final.c:26
26  {
(gdb) n
28    printf("Enter the point:\n");
(gdb) n
Enter the point:
29    scanf("%f %f %f %f",&t.p1.x,&t.p1.y,&t.p2.x,&t.p2.y);
(gdb) n
3
3
3
0
30    t.distance=sqrt((t.p2.x - t.p1.x)*(t.p2.x - t.p1.x)+(t.p2.y - t.p1.y)*(t.p2.y - t.p1.y));
(gdb) n
31    return t;
(gdb) n
32  }
(gdb) n
input_n_lines (n=4, l=0x7ffc2cea32f4) at p8final.c:35
35    for(int i=0;i<n;i++)
(gdb) n
36      l[i]=input_line();
(gdb) s
input_line () at p8final.c:26
26  {
(gdb) n
28    printf("Enter the point:\n");
(gdb) n
Enter the point:
29    scanf("%f %f %f %f",&t.p1.x,&t.p1.y,&t.p2.x,&t.p2.y);
(gdb) n
3
0
0
0
30    t.distance=sqrt((t.p2.x - t.p1.x)*(t.p2.x - t.p1.x)+(t.p2.y - t.p1.y)*(t.p2.y - t.p1.y));
(gdb) n
31    return t;
(gdb) n
32  }
(gdb) n
input_n_lines (n=4, l=0x7ffc2cea32f4) at p8final.c:35
35    for(int i=0;i<n;i++)
(gdb) n
37  }
(gdb) n
input_polygon (n=4, p=0x7ffc2cea32f0) at p8final.c:42
42    p->perimeter=0.0;
(gdb) n
43  }
(gdb) nn
Undefined command: "nn".  Try "help".
(gdb) n
main () at p8final.c:58
58    find_perimeter(&p);
(gdb) s
find_perimeter (p=0x7ffc2cea32f0) at p8final.c:46
46    for(int i=0;i<p->n;i++)
(gdb) n
47      p->perimeter+=p->l[i].distance;
(gdb) n
46    for(int i=0;i<p->n;i++)
(gdb) n
47      p->perimeter+=p->l[i].distance;
(gdb) n
46    for(int i=0;i<p->n;i++)
(gdb) n
47      p->perimeter+=p->l[i].distance;
(gdb) n
46    for(int i=0;i<p->n;i++)
(gdb) n
47      p->perimeter+=p->l[i].distance;
(gdb) n
46    for(int i=0;i<p->n;i++)
(gdb) n
48  }
(gdb) n
main () at p8final.c:59
59    output(p);
(gdb) s
output (p=...) at p8final.c:51
51    printf("The perimeter of the polygon with %d sides is %f",p.n,p.perimeter);
(gdb) n
52  }
(gdb) n
main () at p8final.c:60
60    return 0;
(gdb) n
61  }(gdb) c
Continuing.
The perimeter of the polygon with 4 sides is 12.000000[Inferior 1 (process 152) exited normally]
(gdb) q
